
> nextn@0.1.0 build
> NODE_ENV=production next build

 ⚠ Mismatching @next/swc version, detected: 15.5.7 while Next.js is on 15.5.11. Please ensure these match
   ▲ Next.js 15.5.11

   Creating an optimized production build ...
